------------------------------------------------------------
Timing Analyzer Summary
------------------------------------------------------------

Type  : Slow 1100mV 85C Model Setup 'clock25MGenerator:clock25M|out'
Slack : -7.797
TNS   : -12178.808

Type  : Slow 1100mV 85C Model Setup 'clk'
Slack : -1.864
TNS   : -6.306

Type  : Slow 1100mV 85C Model Hold 'clk'
Slack : 0.307
TNS   : 0.000

Type  : Slow 1100mV 85C Model Hold 'clock25MGenerator:clock25M|out'
Slack : 0.631
TNS   : 0.000

Type  : Slow 1100mV 85C Model Minimum Pulse Width 'clock25MGenerator:clock25M|out'
Slack : -2.636
TNS   : -15987.788

Type  : Slow 1100mV 85C Model Minimum Pulse Width 'clk'
Slack : -2.225
TNS   : -15.482

Type  : Slow 1100mV 0C Model Setup 'clock25MGenerator:clock25M|out'
Slack : -8.268
TNS   : -11477.038

Type  : Slow 1100mV 0C Model Setup 'clk'
Slack : -2.083
TNS   : -6.141

Type  : Slow 1100mV 0C Model Hold 'clk'
Slack : 0.167
TNS   : 0.000

Type  : Slow 1100mV 0C Model Hold 'clock25MGenerator:clock25M|out'
Slack : 0.618
TNS   : 0.000

Type  : Slow 1100mV 0C Model Minimum Pulse Width 'clock25MGenerator:clock25M|out'
Slack : -2.636
TNS   : -15940.088

Type  : Slow 1100mV 0C Model Minimum Pulse Width 'clk'
Slack : -2.225
TNS   : -16.412

Type  : Fast 1100mV 85C Model Setup 'clock25MGenerator:clock25M|out'
Slack : -4.200
TNS   : -6307.266

Type  : Fast 1100mV 85C Model Setup 'clk'
Slack : -0.680
TNS   : -0.680

Type  : Fast 1100mV 85C Model Hold 'clk'
Slack : 0.185
TNS   : 0.000

Type  : Fast 1100mV 85C Model Hold 'clock25MGenerator:clock25M|out'
Slack : 0.234
TNS   : 0.000

Type  : Fast 1100mV 85C Model Minimum Pulse Width 'clock25MGenerator:clock25M|out'
Slack : -2.174
TNS   : -12798.157

Type  : Fast 1100mV 85C Model Minimum Pulse Width 'clk'
Slack : -1.702
TNS   : -6.343

Type  : Fast 1100mV 0C Model Setup 'clock25MGenerator:clock25M|out'
Slack : -3.546
TNS   : -5260.176

Type  : Fast 1100mV 0C Model Setup 'clk'
Slack : -0.659
TNS   : -0.659

Type  : Fast 1100mV 0C Model Hold 'clk'
Slack : 0.128
TNS   : 0.000

Type  : Fast 1100mV 0C Model Hold 'clock25MGenerator:clock25M|out'
Slack : 0.208
TNS   : 0.000

Type  : Fast 1100mV 0C Model Minimum Pulse Width 'clock25MGenerator:clock25M|out'
Slack : -2.174
TNS   : -12759.707

Type  : Fast 1100mV 0C Model Minimum Pulse Width 'clk'
Slack : -1.702
TNS   : -6.319

------------------------------------------------------------
